00000222 A num_got_entries
bc000000 T _start
bc000400 t reset
bc00067c t DDR_READY
bc0006f8 t SDR_INIT
bc000744 t DO_SDRINIT
bc000750 t WAIT_SDRAM_INIT_DOWN
bc000768 t SDRAM_INIT_DOWN
bc000794 t tRFC480
bc0007ac t tRFC250
bc0007b4 t tRFCinit
bc000900 T relocate_code
bc00095c t in_ram
bc0009bc t romReserved
bc0009c0 t romExcHandle
bc0009d0 T sbrk
bc000a20 T board_init_f
bc000c5c T OperationSelect
bc000d1c T filename_copy
bc000d84 T tftp_config
bc0012a0 T trigger_hw_reset
bc0012a8 T set_ver
bc001300 T init_mac
bc0014d8 T board_init_r
bc0022f0 T hang
bc002320 T rw_rf_reg
bc00241c T do_rw_rf
bc00255c T config_usb_ehciohci
bc0025a0 T timer_init
bc0025b4 T reset_timer
bc0025c4 T get_timer
bc0025d0 T set_timer
bc0025dc T udelay
bc002650 T get_ticks
bc002660 T get_tbclk
bc002670 T NetSetEther
bc00275c T ArpRequest
bc0028c8 t startAgainTimeout
bc0028e4 t startAgainHandler
bc0028ec T NetSetTimeout
bc002950 T NetSetHandler
bc002968 T NetStartAgain
bc002ae8 T ArpTimeoutCheck
bc002c10 T NetSendPacket
bc002c28 T NetCksum
bc002c70 T NetSetIP
bc002de4 T NetSendUDPPacket
bc002fb0 T NetCksumOk
bc002ff0 T NetEthHdrSize
bc003038 T copy_filename
bc0030ac T ip_to_string
bc00312c T print_IPaddr
bc003170 T NetReceive
bc003990 T string_to_ip
bc003a54 T getenv_IPaddr
bc003a90 T VLAN_to_string
bc003b04 T string_to_VLAN
bc003b74 T getenv_VLAN
bc003bb8 T NetLoop
bc0042d0 T TftpSend
bc0044f0 t TftpHandler
bc0048c4 t TftpTimeout
bc004958 T TftpStart
bc004c60 T eth_get_dev
bc004c78 T eth_get_dev_index
bc004cd4 T eth_register
bc004dd0 T eth_initialize
bc00506c T eth_set_enetaddr
bc0051c4 T eth_try_another
bc0052a0 T eth_init
bc005350 T eth_halt
bc0053a8 T eth_send
bc0053e0 T eth_rx
bc005414 T eth_set_current
bc0054dc T eth_get_name
bc005510 T START_ETH
bc0055a0 T STOP_ETH
bc005608 T rt2880_free_buf_entry_dequeue
bc00563c t rt2880_free_buf_entry_enqueue
bc0056bc T rt2880_eth_initialize
bc00598c T LANWANPartition
bc005994 T isDMABusy
bc005a04 t rt2880_eth_init
bc005e30 t rt2880_eth_send
bc006170 T rt2880_eth_halt
bc006188 t rt2880_eth_recv
bc0064ac T input_value
bc006540 T mii_mgr_read
bc006694 T mii_mgr_write
bc0067d4 T rt2880_mdio_access
bc006bb0 T LANWANPartition_8367r
bc006c28 T smi_init_gpio_realtek
bc006ca4 T reset_phy_gpio_realtek
bc006d78 T test_smi_signal_and_wait
bc006e20 T rtl8367r_switch_init_pre
bc0070c8 T rtl8367r_switch_init
bc007208 T run_ethtest
bc0072d0 T _smi_start
bc00743c T _smi_writeBit
bc007524 T _smi_readBit
bc007638 T _smi_stop
bc0077b4 T smi_reset
bc0077ec T smi_init
bc007824 T smi_read
bc007a10 T smi_write
bc007c40 t _rtk_port_FiberModeAbility_set
bc007d3c T rtk_port_phyStatus_get
bc007e74 T rtk_port_phyTestMode_set
bc008088 T rtk_port_phyTestMode_get
bc00812c T rtk_port_phy1000BaseTMasterSlave_set
bc008270 T rtk_port_macForceLink_set
bc0083f4 T rtk_port_macForceLink_get
bc0084ac T rtk_port_macForceLinkExt_get
bc0085bc T rtk_port_macForceLinkExt1_get
bc0085dc T rtk_port_macForceLinkExt0_get
bc0085fc T rtk_port_macForceLinkExt_set
bc0087e0 T rtk_port_macForceLinkExt1_set
bc008800 T rtk_port_macForceLinkExt0_set
bc008820 T rtk_port_macStatus_get
bc0088c8 T rtk_port_macLocalLoopbackEnable_set
bc00899c T rtk_port_macLocalLoopbackEnable_get
bc0089e4 T rtk_port_phyReg_set
bc008a7c T rtk_port_phyReg_get
bc008b14 T rtk_port_backpressureEnable_set
bc008b6c T rtk_port_backpressureEnable_get
bc008bd4 T rtk_port_adminEnable_set
bc008c94 T rtk_port_adminEnable_get
bc008d18 T rtk_port_isolation_set
bc008d64 T rtk_port_isolation_get
bc008dac T rtk_port_phyComboPortMedia_get
bc008e54 T rtk_port_phyForceModeAbility_get
bc0090f0 T rtk_port_phyForceModeAbility_set
bc0093d8 T rtk_port_phyAutoNegoAbility_get
bc0095e4 T rtk_port_phyAutoNegoAbility_set
bc0098e4 T rtk_port_rgmiiDelayExt_get
bc00998c T rtk_port_rgmiiDelayExt1_get
bc0099ac T rtk_port_rgmiiDelayExt0_get
bc0099cc T rtk_port_rgmiiDelayExt_set
bc009aa8 T rtk_port_rgmiiDelayExt1_set
bc009ac8 T rtk_port_rgmiiDelayExt0_set
bc009ae8 T rtk_port_phyEnableAll_set
bc009b30 T rtk_port_phyEnableAll_get
bc009b64 T rtk_port_efid_set
bc009bb0 T rtk_port_efid_get
bc009bf8 T rtk_port_phyComboPortMedia_set
bc009ca4 T rtk_vlan_init
bc009e28 T rtk_vlan_set
bc009f1c T rtk_vlan_get
bc009fc4 T rtk_vlan_portPvid_set
bc00a2d4 T rtk_vlan_portPvid_get
bc00a370 T rtk_cpu_enable_set
bc00a3ec T rtk_cpu_tagPort_set
bc00a494 T rtk_switch_init
bc00a6ac T rtk_led_enable_set
bc00a6f4 T rtk_led_enable_get
bc00a73c T rtk_led_operation_set
bc00a7ac T rtk_led_operation_get
bc00a81c T rtk_led_mode_set
bc00a864 T rtk_led_mode_get
bc00a898 T rtk_led_modeForce_set
bc00a934 T rtk_led_modeForce_get
bc00a970 T rtk_led_blinkRate_set
bc00a9b8 T rtk_led_blinkRate_get
bc00a9ec T rtk_led_groupConfig_set
bc00aa34 T rtk_led_groupConfig_get
bc00aa7c T rtk_led_serialMode_set
bc00aac8 T rtk_led_serialMode_get
bc00ab00 T rtl8367b_setAsicRegBit
bc00abb8 T rtl8367b_getAsicRegBit
bc00ac2c T rtl8367b_setAsicRegBits
bc00ad20 T rtl8367b_getAsicRegBits
bc00ade0 T rtl8367b_setAsicReg
bc00ae20 T rtl8367b_getAsicReg
bc00ae80 T rtl8367b_setAsicCputagEnable
bc00aeb8 T rtl8367b_getAsicCputagEnable
bc00aed8 T rtl8367b_setAsicCputagTrapPort
bc00af10 T rtl8367b_getAsicCputagTrapPort
bc00af30 T rtl8367b_setAsicCputagPortmask
bc00af64 T rtl8367b_getAsicCputagPortmask
bc00af80 T rtl8367b_setAsicCputagInsertMode
bc00afb8 T rtl8367b_getAsicCputagInsertMode
bc00afd8 T rtl8367b_setAsicCputagPriorityRemapping
bc00b028 T rtl8367b_getAsicCputagPriorityRemapping
bc00b074 T rtl8367b_setAsicCputagPosition
bc00b094 T rtl8367b_getAsicCputagPosition
bc00b0b4 T rtl8367b_setAsicCputagMode
bc00b0ec T rtl8367b_getAsicCputagMode
bc00b10c T rtl8367b_setAsicCputagRxMinLength
bc00b144 T rtl8367b_getAsicCputagRxMinLength
bc00b170 T rtl8367b_setAsic1xPBEnConfig
bc00b1a8 T rtl8367b_getAsic1xPBEnConfig
bc00b1e0 T rtl8367b_setAsic1xPBAuthConfig
bc00b218 T rtl8367b_getAsic1xPBAuthConfig
bc00b250 T rtl8367b_setAsic1xPBOpdirConfig
bc00b288 T rtl8367b_getAsic1xPBOpdirConfig
bc00b2c0 T rtl8367b_setAsic1xMBEnConfig
bc00b2f8 T rtl8367b_getAsic1xMBEnConfig
bc00b330 T rtl8367b_setAsic1xMBOpdirConfig
bc00b350 T rtl8367b_getAsic1xMBOpdirConfig
bc00b370 T rtl8367b_setAsic1xProcConfig
bc00b3c4 T rtl8367b_getAsic1xProcConfig
bc00b408 T rtl8367b_setAsic1xGuestVidx
bc00b444 T rtl8367b_getAsic1xGuestVidx
bc00b464 T rtl8367b_setAsic1xGVOpdir
bc00b484 T rtl8367b_getAsic1xGVOpdir
bc00b4a4 T rtl8367b_setAsic1xTrapPriority
bc00b4e0 T rtl8367b_getAsic1xTrapPriority
bc00b500 T rtl8367b_setAsicLedIndicateInfoConfig
bc00b5b8 T rtl8367b_getAsicLedIndicateInfoConfig
bc00b628 T rtl8367b_setAsicLedGroupMode
bc00b6ac T rtl8367b_getAsicLedGroupMode
bc00b730 T rtl8367b_setAsicForceLed
bc00b78c T rtl8367b_getAsicForceLed
bc00b7e0 T rtl8367b_setAsicForceGroupLed
bc00b8c8 T rtl8367b_getAsicForceGroupLed
bc00b98c T rtl8367b_setAsicLedBlinkRate
bc00b9c4 T rtl8367b_getAsicLedBlinkRate
bc00b9e4 T rtl8367b_setAsicLedForceBlinkRate
bc00ba1c T rtl8367b_getAsicLedForceBlinkRate
bc00ba3c T rtl8367b_setAsicLedGroupEnable
bc00baa8 T rtl8367b_getAsicLedGroupEnable
bc00bb08 T rtl8367b_setAsicLedOperationMode
bc00bc1c T rtl8367b_getAsicLedOperationMode
bc00bc98 T rtl8367b_setAsicLedSerialModeConfig
bc00bd24 T rtl8367b_getAsicLedSerialModeConfig
bc00bda0 T rtl8367b_setAsicMacAddress
bc00be34 T rtl8367b_getAsicMacAddress
bc00beb0 T rtl8367b_getAsicDebugInfo
bc00bef8 T rtl8367b_setAsicPortJamMode
bc00bf18 T rtl8367b_getAsicPortJamMode
bc00bf38 T rtl8367b_setAsicMaxLengthInRx
bc00bf58 T rtl8367b_getAsicMaxLengthInRx
bc00bf78 T rtl8367b_setAsicMaxLengthAltTxRx
bc00bfec T rtl8367b_getAsicMaxLengthAltTxRx
bc00c090 T rtl8367b_setAsicPHYReg
bc00c1b8 T rtl8367b_getAsicPHYReg
bc00c300 T rtl8367b_setAsicPortUnknownDaBehavior
bc00c338 T rtl8367b_getAsicPortUnknownDaBehavior
bc00c358 T rtl8367b_setAsicPortUnknownSaBehavior
bc00c390 T rtl8367b_getAsicPortUnknownSaBehavior
bc00c3b0 T rtl8367b_setAsicPortUnmatchedSaBehavior
bc00c3e8 T rtl8367b_getAsicPortUnmatchedSaBehavior
bc00c408 T rtl8367b_setAsicPortUnknownDaFloodingPortmask
bc00c43c T rtl8367b_getAsicPortUnknownDaFloodingPortmask
bc00c458 T rtl8367b_setAsicPortUnknownMulticastFloodingPortmask
bc00c48c T rtl8367b_getAsicPortUnknownMulticastFloodingPortmask
bc00c4a8 T rtl8367b_setAsicPortBcastFloodingPortmask
bc00c4dc T rtl8367b_getAsicPortBcastFloodingPortmask
bc00c4f8 T rtl8367b_setAsicPortBlockSpa
bc00c530 T rtl8367b_getAsicPortBlockSpa
bc00c568 T rtl8367b_setAsicPortDos
bc00c5a0 T rtl8367b_getAsicPortDos
bc00c5d8 T rtl8367b_setAsicPortForceLink
bc00c670 T rtl8367b_getAsicPortForceLink
bc00c718 T rtl8367b_getAsicPortStatus
bc00c7c0 T rtl8367b_setAsicPortForceLinkExt
bc00c7fc T rtl8367b_getAsicPortForceLinkExt
bc00c890 T rtl8367b_setAsicPortExtMode
bc00c8f0 T rtl8367b_getAsicPortExtMode
bc00c948 T rtl8367b_setAsicPortEnableAll
bc00c980 T rtl8367b_getAsicPortEnableAll
bc00c9f0 T rtl8367b_setAsicPortSmallIpg
bc00ca2c T rtl8367b_getAsicPortSmallIpg
bc00ca68 T rtl8367b_setAsicPortLoopback
bc00caa4 T rtl8367b_getAsicPortLoopback
bc00cae0 T rtl8367b_setAsicPortIsolationPermittedPortmask
bc00cb1c T rtl8367b_getAsicPortIsolationPermittedPortmask
bc00cb4c T rtl8367b_setAsicPortIsolationEfid
bc00cba0 T rtl8367b_getAsicPortIsolationEfid
bc00cbf0 T _rtl8367b_VlanMCStUser2Smi
bc00cc8c T _rtl8367b_VlanMCStSmi2User
bc00cce4 T _rtl8367b_Vlan4kStUser2Smi
bc00cd88 T _rtl8367b_Vlan4kStSmi2User
bc00cde4 T rtl8367b_setAsicVlanMemberConfig
bc00cf18 T rtl8367b_getAsicVlanMemberConfig
bc00cfe8 T rtl8367b_setAsicVlan4kEntry
bc00d178 T rtl8367b_getAsicVlan4kEntry
bc00d1e0 T rtl8367b_setAsicVlanAccpetFrameType
bc00d238 T rtl8367b_getAsicVlanAccpetFrameType
bc00d280 T rtl8367b_setAsicVlanIngressFilter
bc00d2b8 T rtl8367b_getAsicVlanIngressFilter
bc00d2f0 T rtl8367b_setAsicVlanEgressTagMode
bc00d338 T rtl8367b_getAsicVlanEgressTagMode
bc00d374 T rtl8367b_setAsicVlanPortBasedVID
bc00d448 T rtl8367b_getAsicVlanPortBasedVID
bc00d4fc T rtl8367b_setAsicVlanProtocolBasedGroupData
bc00d59c T rtl8367b_getAsicVlanProtocolBasedGroupData
bc00d648 T rtl8367b_setAsicVlanPortAndProtocolBased
bc00d7ac T rtl8367b_getAsicVlanPortAndProtocolBased
bc00d8f8 T rtl8367b_setAsicVlanFilter
bc00d918 T rtl8367b_getAsicVlanFilter
bc00d938 T rtl8367b_setAsicVlanUntagDscpPriorityEn
bc00d958 T rtl8367b_getAsicVlanUntagDscpPriorityEn
bc00d978 T rtl8367b_setAsicPortBasedFid
bc00d9b8 T rtl8367b_getAsicPortBasedFid
bc00d9e8 T rtl8367b_setAsicPortBasedFidEn
bc00da20 T rtl8367b_getAsicPortBasedFidEn
bc00da58 T rtl8367b_setAsicSpanningTreeStatus
bc00dac4 T rtl8367b_getAsicSpanningTreeStatus
bc00db20 T rtl8367b_setAsicVlanTransparent
bc00db40 T rtl8367b_getAsicVlanTransparent
bc00db60 T rtl8367b_setAsicVlanEgressKeep
bc00dbb4 T rtl8367b_getAsicVlanEgressKeep
bc00dc00 T set_mdc_to_gpio_mode
bc00dc50 T set_i2c_spi_to_gpio_mode_and_dir
bc00dcbc T reset_wlan_block
bc00dce4 T _rtl865x_initGpioPin
bc00dd24 T _rtl865x_setGpioDataBit
bc00dd68 T _rtl865x_getGpioDataBit
bc00dd90 t spi_master_init
bc00de84 t spi_write
bc00def4 t spi_write32
bc00df88 t spi_read
bc00e048 t spi_read32
bc00e0e0 t eeprom_get_status_reg
bc00e1e8 T spi_eeprom_dump
bc00e204 T spi_eeprom_cmd
bc00e87c T spi_vtss_read
bc00e954 T spi_vtss_write
bc00ea08 T vtss_init
bc00eb48 T spi_vtss_cmd
bc00ee14 T rt2880_spi_toolkit
bc00ef10 t delete_char
bc00f068 T readline
bc00f538 T run_command
bc00fa3c T main_loop
bc00fb50 T do_go
bc00fc30 T print_image_hdr
bc01010c t zalloc
bc010130 t zfree
bc010148 T gunzip
bc01032c T do_bootm
bc010a30 T send_pad
bc010a88 T ktrans
bc010ac4 T chk1
bc010afc T s1_sendpacket
bc010b5c T send_ack
bc010be8 T send_nack
bc010c74 t bin_data_init
bc010ca4 t bin_data_char
bc010cf0 T k_data_init
bc010d10 T k_data_save
bc010d60 T k_data_restore
bc010db0 T k_data_char
bc010e54 T handle_send_packet
bc0110b4 T do_load_serial_bin
bc011700 T do_tftpb
bc011b30 t envmatch
bc011bd4 T do_printenv
bc011e44 T _do_setenv
bc0125e8 T setenv
bc01263c T do_setenv
bc0126b0 T getenv
bc012788 T do_saveenv
bc0127e0 T do_version
bc012820 T myatoi
bc012894 T do_ethtest
bc012974 T find_cmd
bc012a94 T do_help
bc012d20 t console_setfile
bc012e08 T serial_printf
bc012e60 T fgetc
bc012e98 T ftstc
bc012ed0 T fputc
bc012f14 T fputs
bc012f54 T fprintf
bc012fb4 T getc
bc012ff4 T tstc
bc013034 T putc
bc01307c T puts
bc0130bc T printf
bc013114 T vprintf
bc013160 T ctrlc
bc0131e4 T kaiker_button_p
bc0132a0 T disable_ctrlc
bc0132bc T had_ctrlc
bc0132d4 T clear_ctrlc
bc0132ec T dbg
bc0132fc T console_assign
bc013418 T console_init_f
bc013428 T console_init_r
bc013590 T device_register
bc0135d4 T devices_init
bc0136d0 T devices_done
bc013710 T malloc_bin_reloc
bc013750 t do_check_chunk
bc013758 t do_check_free_chunk
bc013760 t do_check_inuse_chunk
bc013768 t do_check_malloced_chunk
bc013770 T malloc_trim
bc013898 T free
bc013b0c T malloc
bc014258 T realloc
bc0147cc T memalign
bc014964 T valloc
bc014980 T pvalloc
bc0149a4 T calloc
bc014ab8 T cfree
bc014ad0 T malloc_usable_size
bc014b28 T mallopt
bc014bc0 T env_crc_update
bc014c10 t env_get_char_init
bc014c5c T env_get_char_memory
bc014c90 T env_get_addr
bc014cc0 T env_relocate
bc014db0 t dummy
bc014db8 T get_version
bc014dc0 T jumptable_init
bc014e60 T NewHandle
bc014f0c T DisposeHandle
bc014f68 T GetHandleSize
bc014f70 T SetHandleSize
bc015038 T ListCreate
bc0150a8 T ListSetAllocationPolicy
bc0150b8 T ListDispose
bc0150d0 T ListInsertItems
bc01531c T ListInsertItem
bc015334 T ListGetItems
bc01538c T ListGetPtrToItem
bc0153cc T ListGetDataPtr
bc0153d8 T ListGetItemSize
bc0153e4 T ListNumItems
bc0153f0 T check_trx
bc015630 t TftpdSend
bc0157f0 t TftpTimeout
bc01584c T do_tftpd
bc0159b0 T TftpdStart
bc015b28 T check_image_header
bc015ca0 t TftpHandler
bc0169e0 T replace
bc016b60 T chkVer
bc016c3c T chkMAC
bc016d60 T ralink_gpio_ioctl2
bc016edc T ralink_gpio_write_bit2
bc016f18 T ralink_initGpioPin2
bc017018 T ralink_gpio_read_bit2
bc017080 T DETECT
bc017168 T LEDON
bc017184 T LEDOFF
bc0171a0 T dsl_n55u_ralink_initGpio
bc017238 T asus_gpio_init
bc017318 T asus_gpio_uninit
bc017380 t abbrev_spec
bc01755c t flash_fill_sect_ranges
bc0177a8 T flash_sect_erase
bc0178dc T do_flerase
bc017c4c T get_addr_boundary
bc017d10 T flash_sect_protect
bc017e8c T do_protect
bc018270 T cmd_get_data_size
bc018328 T do_mem_md
bc0185f8 T do_mem_mw
bc018600 t mod_mem
bc01880c T do_mem_nm
bc018854 T do_mem_mm
bc01889c T do_mem_cp
bc018b50 T env_get_char_spec
bc018b60 T env_init
bc018be0 T saveenv
bc018dc8 T env_relocate_spec
bc018df0 T flash_protect
bc018fac T addr2info
bc019000 T flash_write
bc0191d0 T flash_perror
bc019320 T crc32
bc0194b0 T display_options
bc0194f0 T print_size
bc019600 T strnicmp
bc019684 T strcat
bc0196bc T strncat
bc019708 T strchr
bc019744 T strlen
bc019768 T strrchr
bc0197e0 T strnlen
bc01981c T strdup
bc019894 T strspn
bc0198f4 T strpbrk
bc019944 T strtok
bc019a04 T strsep
bc019a70 T strswab
bc019abc T memset
bc019ae8 T memcpy
bc019b18 T memmove
bc019b94 T memcmp
bc019bc4 T strstr
bc019c84 T memchr
bc019cc0 T simple_strtoul
bc019db4 T simple_strtol
bc019e04 t skip_atoi
bc019e64 t number
bc01a0d8 T vsprintf
bc01a634 T sprintf
bc01a670 t inflate_codes_free
bc01a688 t inflate_trees_free
bc01a6ec t inflate_blocks_reset
bc01a81c T inflateEnd
bc01a8e8 T inflateReset
bc01a95c T inflateSync
bc01aa9c T inflateInit2
bc01ac44 T inflateInit
bc01ac5c t inflate_codes_new
bc01acd8 T inflateIncomp
bc01ae64 t inflate_flush
bc01b020 t huft_build
bc01b588 t falloc
bc01b5b8 t ffree
bc01b5c0 T inflate
bc01d3e8 T adler32
bc01d5b0 T RangeDecoderReadByte
bc01d5e4 T RangeDecoderInit
bc01d66c T RangeDecoderDecodeDirectBits
bc01d728 T RangeDecoderBitDecode
bc01d83c T RangeDecoderBitTreeDecode
bc01d8d0 T RangeDecoderReverseBitTreeDecode
bc01d974 T LzmaLiteralDecode
bc01d9e4 T LzmaLiteralDecodeMatch
bc01dabc T LzmaLenDecode
bc01dba8 T LzmaDecode
bc01e01c T lzmaBuffToBuffDecompress
bc01e230 T get_ram_size
bc01e364 T initdram
bc01e3a0 T checkboard
bc01e3e0 t flash_get_info
bc01e424 t flash_reset
bc01e454 T flash_init
bc01eb0c T flash_print_info
bc01eb14 T erase_all_chip
bc01ee88 T flash_erase
bc01f588 t write_word_amd
bc01f768 T write_buff
bc01f920 T serial_setbrg
bc01f9f8 T serial_init
bc01fa30 T serial_putc
bc01fa84 T serial_tstc
bc01fa98 T serial_getc
bc01fabc T serial_puts
bc01fb10 T do_reset
bc01fb28 T flush_cache
bc01fb30 t linux_env_set
bc01fc58 T do_bootm_linux
bc0203f0 T GregorianDay
bc020568 T to_tm
bc0206dc T mktime
bc0207c0 R version_string
bc020890 R field_selector
bc0208d0 R filter_fieldSize
bc0208fc R filter_fieldTemplateIndex
bc020a54 R filter_advanceCaretagField
bc020a60 R filter_templateField
bc020b70 r baudrate_table
bc020bb0 r __FUNCTION__.0
bc020bc0 r crc_table
bc0256c0 D NetOurNativeVLAN
bc0256c2 D NetOurVLAN
bc0256c4 D NetBcastAddr
bc0256d0 D smi_RST
bc0256d4 D smi_SDA
bc0256d8 D smi_SCK
bc0256e0 D ChipData41
bc025938 D ChipData40
bc026650 D lutonu_novlan
bc027f90 d tab_seq
bc027f9c d erase_seq
bc027fa0 d history_cur_idx
bc027fa4 d history_last_idx
bc027fb0 D load_addr
bc027fc0 d mmap_threshold
bc027fc4 d trim_threshold
bc027fc8 d sbrk_base
bc027fd0 D default_environment
bc028290 D maclink
bc0282a0 D asuslink
bc0282b0 d ledstate.1
bc0282c0 D blver
bc0282d0 D dp_last_length
bc0282e0 D env_ptr
bc0282e4 d flash_addr
bc0282f0 d inflate_mask
bc028334 d border
bc028380 d cpdext
bc0283f8 d cpdist
bc028470 d cplext
bc0284ec d cplens
bc028568 d fixed_left
bc028570 D _ctype
bc028670 d FLASH_CYCLE2
bc028674 d FLASH_CYCLE1
bc028680 d month_days
bc0286b0 D stdio_names
bc0286bc d av_
bc028ac4 D env_get_char
bc028ac8 D env_name_spec
bc028acc D z_errmsg
bc028aec D zlib_version
bc028af0 A _gp
bc028af0 D _GLOBAL_OFFSET_TABLE_
bc028af0 D __got_start
bc029378 A __u_boot_cmd_start
bc029378 D __got_end
bc029378 D __u_boot_cmd_rf
bc029390 D __u_boot_cmd_mdio
bc0293a8 D __u_boot_cmd_spicmd
bc0293c0 D __u_boot_cmd_reset
bc0293d8 D __u_boot_cmd_go
bc0293f0 D __u_boot_cmd_bootm
bc029408 D __u_boot_cmd_loadb
bc029420 D __u_boot_cmd_tftpboot
bc029438 D __u_boot_cmd_saveenv
bc029450 D __u_boot_cmd_setenv
bc029468 D __u_boot_cmd_printenv
bc029480 D __u_boot_cmd_question_mark
bc029498 D __u_boot_cmd_help
bc0294b0 D __u_boot_cmd_ethtest
bc0294c8 D __u_boot_cmd_version
bc0294e0 D __u_boot_cmd_tftpd
bc0294f8 D __u_boot_cmd_protect
bc029510 D __u_boot_cmd_erase
bc029528 D __u_boot_cmd_cp
bc029540 D __u_boot_cmd_mw
bc029558 D __u_boot_cmd_nm
bc029570 D __u_boot_cmd_mm
bc029588 D __u_boot_cmd_md
bc0295a0 A __u_boot_cmd_end
bc0295a0 A uboot_end_data
bc0295a0 B rtl8367r_switch_inited
bc0295a4 B boottype
bc0295a8 B modifies
bc0295ac b mem_malloc_start
bc0295b0 b mem_malloc_end
bc0295b4 b mem_malloc_brk
bc0295b8 b file_name_space
bc029640 B TempServerIP
bc029644 B NetTxPacket
bc029648 B NetRestartWrap
bc02964c B NetEtherNullAddr
bc029654 B NetServerEther
bc02965a B NetBootFileSize
bc02965c B NetOurRootPath
bc02969c B NetOurHostName
bc0296bc B NetOurNISDomain
bc0296dc B NetOurDNSIP
bc0296e0 B NetOurGatewayIP
bc0296e4 B NetOurSubnetMask
bc0296e8 b NetDevExists
bc0296ec b NetRestarted
bc0296f0 b packetHandler
bc0296f4 b timeHandler
bc0296f8 b timeStart
bc0296fc b timeDelta
bc029700 b TftpServerPort
bc029704 b TftpOurPort
bc029708 b TftpTimeoutCount
bc02970c b TftpBlock
bc029710 b TftpLastBlock
bc029714 b TftpBlockWrap
bc029718 b TftpBlockWrapOffset
bc02971c b TftpState
bc029720 b default_filename
bc029730 b tftp_filename
bc029740 b first_failed.0
bc029744 b eth_devices
bc029748 b eth_current
bc02974c b rt2880_gmac1_mac
bc029760 b rt2880_free_buf
bc029a30 b is_internal_loopback_test
bc029a40 b tx_ring0_cache
bc029b80 b rx_ring_cache
bc029cc0 b rx_dma_owner_idx0
bc029cc4 b rx_wants_alloc_idx0
bc029cc8 b tx_cpu_owner_idx0
bc029ccc b tx_cpu_owner_idx1
bc029cd0 b rx_ring
bc029cd4 b tx_ring0
bc029cd8 b rxRingSize
bc029cd9 b txRingSize
bc029cdc b rt2880_eth_initd
bc029ce0 b eth_loopback_mode
bc029ce4 b loopback_protect
bc029ce8 b force_queue_n
bc029cec b sdp0_alig_16n_x
bc029cf0 b sdp1_alig_16n_x
bc029cf4 b internal_loopback_test
bc029cf8 b rt2880_esram_gear
bc029cfc b rt2880_size_of_mem
bc029d00 b header_payload_scatter_en
bc029d04 b rt2880_hdrlen
bc029d08 b rt2880_buf_in_esram_en
bc029d0c b rt2880_desc_in_esram
bc029d10 b rt2880_sdp0_buf_in_esram_en
bc029d14 b rt2880_debug_en
bc029d18 b PKT_HEADER_Buf_Pool
bc040560 b history_enable
bc040564 b history_counter
bc040568 b lastcommand.0
bc040670 b a_b
bc040688 b os_data_state
bc04068c b os_data_state_saved
bc040690 b os_data_count_saved
bc040694 b os_data_addr
bc040698 b os_data_addr_saved
bc04069c b bin_start_address
bc0406a0 b k_data_escape
bc0406a4 b k_data_escape_saved
bc0406b0 b ctrlc_was_pressed
bc0406b4 b ctrlc_disabled
bc0406c0 B stdio_devices
bc0406cc B devlist
bc0406d0 b n_mmaps_max
bc0406d4 b top_pad
bc0406d8 b current_mallinfo
bc040700 b max_total_mem
bc040704 b mmapped_mem
bc040708 b max_sbrked_mem
bc040710 B env_loc
bc040714 B MAC_FLAG
bc040718 B rc
bc04071c B offset
bc040720 B copysize
bc040724 B RescueAckFlag
bc040728 b ledcount.0
bc04072c b TftpServerPort
bc040730 b TftpOurPort
bc040734 b TftpTimeoutCount
bc040738 b TftpBlock
bc04073c b TftpLastBlock
bc040740 b TftpBlockWrapOffset
bc040744 b TftpState
bc040748 b default_filename
bc040760 b base_address
bc040770 b fixed_built
bc040774 b fixed_lock
bc040778 b fixed_mem
bc041808 b fixed_bl
bc04180c b fixed_bd
bc041810 b fixed_tl
bc041814 b fixed_td
bc041820 b flash_use_SSI_standard
bc041830 b linux_argc
bc041834 b linux_argv
bc041838 b linux_env
bc04183c b linux_env_p
bc041840 b linux_env_idx
bc041850 B gd_data
bc041874 B Pkt_Buf_Pool
bc058cb4 B NetRxPackets
bc058da4 B BootFile
bc058e24 B NetArpWaitPacketBuf
bc059464 B user_4kvlan
bc06b464 B console_buffer
bc06b564 B console_history
bc06bf64 B header
bc06bfa4 B os_data_header
bc06bfc4 B send_parms
bc06bfd8 B nvramcmd
bc06c014 B MAC0
bc06c024 B ASUS
bc06c03c B ptr
bc81c03c B bootbuf
bc84c03c B flash_info
bc84c56c A uboot_end
bc84c56c C monitor_flash_len
bc84c570 C mips_bus_feq
bc84c574 C mips_cpu_feq
bc84c578 C NetArpWaitTry
bc84c57c C NetArpWaitPacketMAC
bc84c580 C NetOurEther
bc84c588 C NetOurIP
bc84c58c C NetServerIP
bc84c590 C NetArpWaitTxPacketSize
bc84c594 C NetArpWaitReplyIP
bc84c598 C NetArpWaitTxPacket
bc84c59c C NetTestIP
bc84c5a0 C NetArpWaitPacketIP
bc84c5a4 C NetState
bc84c5a8 C NetIPID
bc84c5ac C NetRxPkt
bc84c5b0 C NetRxPktLen
bc84c5b4 C NetBootFileXferSize
bc84c5b8 C PktBuf
bc84c5bc C NetArpWaitTimerStart
bc84c5c0 C TftpStarted
bc84c5c4 C rt2880_free_buf_list
bc84c5cc C PKT_HEADER_Buf
bc84c5d0 C rt2880_pdev
bc84c5d4 C rt2880_busing_buf_list
bc84c5dc C init_para
bc84c5e0 C init_size
bc84c5e4 C his_pad_char
bc84c5e8 C os_data_count
bc84c5ec C os_data_init
bc84c5f0 C send_ptr
bc84c5f4 C os_data_char
bc84c5f8 C his_eol
bc84c5f9 C his_quote
bc84c5fc C his_pad_count
bc84c600 C RDOM
bc84c608 C gpiomode_org
bc84c60c C dp_last_size
bc84c610 C dp_last_addr
bc84c614 C mm_last_size
bc84c618 C mm_last_addr
bc84c61c C rt2880_flash_start_t
bc84c620 C ___strtok
